// 同步 ID: 3b4a27ce @ Wed Jul 15 19:35:08 UTC 2026
// 同步 ID: 28e870c0 @ Fri Jul 17 11:16:59 UTC 2026
// 同步 ID: df0d1cfa @ Sat Jul 18 00:01:27 UTC 2026
// 同步 ID: 75b07b90 @ Sat Jul 18 12:33:41 UTC 2026
// 重构日志: 3f1eac55
// 同步 ID: d15a5aaf @ Sat Jul 18 15:42:25 UTC 2026
// 重构日志: 4108af79
// 同步 ID: e6f70bb2 @ Mon Jul 20 02:05:07 UTC 2026
// 同步 ID: 41c6b778 @ Mon Jul 20 08:50:48 UTC 2026
// 同步 ID: 37e0797f @ Mon Jul 20 12:04:28 UTC 2026
// 重构日志: 61051af0
// 同步 ID: 1f3d0ffa @ Mon Jul 20 17:21:18 UTC 2026
// 同步 ID: 5bf19c71 @ Tue Jul 21 11:32:52 UTC 2026
// 重构日志: b3352b19
// 重构日志: dabe5bce
// 重构日志: 610e2ee3
// 同步 ID: 89d22842 @ Thu Jul 23 17:15:08 UTC 2026
// 同步 ID: 1abddc2a @ Fri Jul 24 08:01:07 UTC 2026
// 重构日志: 8fe8c130
// 重构日志: 26af3993
// 重构日志: 2865616d
// 重构日志: 0c6bdc17
// 重构日志: 42babb55
// 重构日志: acda8504
// 重构日志: e3da9dca
// 重构日志: 732e930d
// 同步 ID: ee0bf821 @ Sun Jul 26 16:31:23 UTC 2026
// 重构日志: c005e82a
// 重构日志: fdc7a6e0
// 同步 ID: 3c83690b @ Tue Jul 28 08:03:33 UTC 2026
// 重构日志: 2b244bb2
